[0.000000] (-) TimerEvent: {}
[0.000122] (my_project_pkg) JobQueued: {'identifier': 'my_project_pkg', 'dependencies': OrderedDict()}
[0.000152] (project_bringup) JobQueued: {'identifier': 'project_bringup', 'dependencies': OrderedDict()}
[0.000174] (my_project_pkg) JobStarted: {'identifier': 'my_project_pkg'}
[0.005344] (project_bringup) JobStarted: {'identifier': 'project_bringup'}
[0.099599] (-) TimerEvent: {}
[0.184864] (project_bringup) JobProgress: {'identifier': 'project_bringup', 'progress': 'cmake'}
[0.185254] (project_bringup) Command: {'cmd': ['/usr/bin/cmake', '/home/asaf/visual_odom_project/src/project_bringup', '-DCMAKE_INSTALL_PREFIX=/home/asaf/visual_odom_project/install/project_bringup'], 'cwd': '/home/asaf/visual_odom_project/build/project_bringup', 'env': OrderedDict([('GJS_DEBUG_TOPICS', 'JS ERROR;JS LOG'), ('LESSOPEN', '| /usr/bin/lesspipe %s'), ('LANGUAGE', 'en_IL:en'), ('USER', 'asaf'), ('XDG_SESSION_TYPE', 'wayland'), ('SHLVL', '1'), ('LD_LIBRARY_PATH', '/home/asaf/ros2_ws/install/microstrain_inertial_msgs/lib:/usr/lib/x86_64-linux-gnu/gazebo-11/plugins:/opt/ros/humble/opt/rviz_ogre_vendor/lib:/opt/ros/humble/lib/x86_64-linux-gnu:/opt/ros/humble/lib:/usr/share/gazebo/../../lib/x86_64-linux-gnu/gazebo-11/plugins:'), ('HOME', '/home/asaf'), ('OLDPWD', '/home/asaf'), ('DESKTOP_SESSION', 'ubuntu'), ('GIO_LAUNCHED_DESKTOP_FILE', '/usr/share/applications/terminator.desktop'), ('GAZEBO_MASTER_URI', 'http://localhost:11345'), ('ROS_PYTHON_VERSION', '3'), ('GNOME_SHELL_SESSION_MODE', 'ubuntu'), ('GTK_MODULES', 'gail:atk-bridge'), ('MANAGERPID', '884'), ('SYSTEMD_EXEC_PID', '1089'), ('DBUS_SESSION_BUS_ADDRESS', 'unix:path=/run/user/1000/bus'), ('COLORTERM', 'truecolor'), ('TERMINATOR_DBUS_NAME', 'net.tenshu.Terminator25ef4b219e3b005583550f2b0f9f990c3'), ('GIO_LAUNCHED_DESKTOP_FILE_PID', '2730'), ('IM_CONFIG_PHASE', '1'), ('WAYLAND_DISPLAY', 'wayland-0'), ('COLCON_PREFIX_PATH', '/home/asaf/visual_odom_project/install:/home/asaf/ros2_ws/install'), ('ROS_DISTRO', 'humble'), ('LOGNAME', 'asaf'), ('JOURNAL_STREAM', '8:33851'), ('_', '/usr/bin/colcon'), ('ROS_VERSION', '2'), ('XDG_SESSION_CLASS', 'user'), ('USERNAME', 'asaf'), ('TERM', 'xterm-256color'), ('GAZEBO_MODEL_PATH', '/usr/share/gazebo/../../share/gazebo-11/models:'), ('GNOME_DESKTOP_SESSION_ID', 'this-is-deprecated'), ('ROS_LOCALHOST_ONLY', '0'), ('OGRE_RESOURCE_PATH', '/usr/lib/x86_64-linux-gnu/OGRE-1.9.0'), ('PATH', '/opt/ros/humble/bin:/home/asaf/.local/bin:/usr/local/sbin:/usr/local/bin:/usr/sbin:/usr/bin:/sbin:/bin:/usr/games:/usr/local/games:/snap/bin:/snap/bin'), ('SESSION_MANAGER', 'local/Asaf:@/tmp/.ICE-unix/1057,unix/Asaf:/tmp/.ICE-unix/1057'), ('INVOCATION_ID', '95c5af85a25e40b4b38bb8090b326cac'), ('XDG_MENU_PREFIX', 'gnome-'), ('GNOME_SETUP_DISPLAY', ':1'), ('XDG_RUNTIME_DIR', '/run/user/1000'), ('DISPLAY', ':0'), ('TERMINATOR_DBUS_PATH', '/net/tenshu/Terminator2'), ('LANG', 'en_US.UTF-8'), ('XDG_CURRENT_DESKTOP', 'ubuntu:GNOME'), ('IBUS_DISABLE_SNOOPER', '1'), ('XMODIFIERS', '@im=ibus'), ('XDG_SESSION_DESKTOP', 'ubuntu'), ('XAUTHORITY', '/run/user/1000/.mutter-Xwaylandauth.TRTJR2'), ('LS_COLORS', 'rs=0:di=01;34:ln=01;36:mh=00:pi=40;33:so=01;35:do=01;35:bd=40;33;01:cd=40;33;01:or=40;31;01:mi=00:su=37;41:sg=30;43:ca=30;41:tw=30;42:ow=34;42:st=37;44:ex=01;32:*.tar=01;31:*.tgz=01;31:*.arc=01;31:*.arj=01;31:*.taz=01;31:*.lha=01;31:*.lz4=01;31:*.lzh=01;31:*.lzma=01;31:*.tlz=01;31:*.txz=01;31:*.tzo=01;31:*.t7z=01;31:*.zip=01;31:*.z=01;31:*.dz=01;31:*.gz=01;31:*.lrz=01;31:*.lz=01;31:*.lzo=01;31:*.xz=01;31:*.zst=01;31:*.tzst=01;31:*.bz2=01;31:*.bz=01;31:*.tbz=01;31:*.tbz2=01;31:*.tz=01;31:*.deb=01;31:*.rpm=01;31:*.jar=01;31:*.war=01;31:*.ear=01;31:*.sar=01;31:*.rar=01;31:*.alz=01;31:*.ace=01;31:*.zoo=01;31:*.cpio=01;31:*.7z=01;31:*.rz=01;31:*.cab=01;31:*.wim=01;31:*.swm=01;31:*.dwm=01;31:*.esd=01;31:*.jpg=01;35:*.jpeg=01;35:*.mjpg=01;35:*.mjpeg=01;35:*.gif=01;35:*.bmp=01;35:*.pbm=01;35:*.pgm=01;35:*.ppm=01;35:*.tga=01;35:*.xbm=01;35:*.xpm=01;35:*.tif=01;35:*.tiff=01;35:*.png=01;35:*.svg=01;35:*.svgz=01;35:*.mng=01;35:*.pcx=01;35:*.mov=01;35:*.mpg=01;35:*.mpeg=01;35:*.m2v=01;35:*.mkv=01;35:*.webm=01;35:*.webp=01;35:*.ogm=01;35:*.mp4=01;35:*.m4v=01;35:*.mp4v=01;35:*.vob=01;35:*.qt=01;35:*.nuv=01;35:*.wmv=01;35:*.asf=01;35:*.rm=01;35:*.rmvb=01;35:*.flc=01;35:*.avi=01;35:*.fli=01;35:*.flv=01;35:*.gl=01;35:*.dl=01;35:*.xcf=01;35:*.xwd=01;35:*.yuv=01;35:*.cgm=01;35:*.emf=01;35:*.ogv=01;35:*.ogx=01;35:*.aac=00;36:*.au=00;36:*.flac=00;36:*.m4a=00;36:*.mid=00;36:*.midi=00;36:*.mka=00;36:*.mp3=00;36:*.mpc=00;36:*.ogg=00;36:*.ra=00;36:*.wav=00;36:*.oga=00;36:*.opus=00;36:*.spx=00;36:*.xspf=00;36:'), ('SSH_AGENT_LAUNCHER', 'gnome-keyring'), ('SSH_AUTH_SOCK', '/run/user/1000/keyring/ssh'), ('ROS_DOMAIN_ID', '11'), ('AMENT_PREFIX_PATH', '/home/asaf/visual_odom_project/install/project_bringup:/home/asaf/visual_odom_project/install/my_project_pkg:/home/asaf/ros2_ws/install/my_rover_controller:/home/asaf/ros2_ws/install/my_robot_bringup:/home/asaf/ros2_ws/install/my_robot_description:/home/asaf/ros2_ws/install/my_project_pkg:/home/asaf/ros2_ws/install/microstrain_inertial_rqt:/home/asaf/ros2_ws/install/microstrain_inertial_examples:/home/asaf/ros2_ws/install/microstrain_inertial_driver:/home/asaf/ros2_ws/install/microstrain_inertial_msgs:/home/asaf/ros2_ws/install/microstrain_inertial_description:/home/asaf/ros2_ws/install/g2_robot_description:/home/asaf/ros2_ws/install/g2_robot_bringup:/home/asaf/ros2_ws/install/color_extractor:/opt/ros/humble'), ('SHELL', '/bin/bash'), ('TERMINATOR_UUID', 'urn:uuid:e0731204-9ff3-4127-a14a-0f5f817a8db2'), ('QT_ACCESSIBILITY', '1'), ('GDMSESSION', 'ubuntu'), ('LESSCLOSE', '/usr/bin/lesspipe %s %s'), ('GAZEBO_RESOURCE_PATH', '/usr/share/gazebo/../../share/gazebo-11:'), ('GJS_DEBUG_OUTPUT', 'stderr'), ('GAZEBO_MODEL_DATABASE_URI', 'http://models.gazebosim.org'), ('QT_IM_MODULE', 'ibus'), ('PWD', '/home/asaf/visual_odom_project/build/project_bringup'), ('LC_ALL', 'en_US.UTF-8'), ('XDG_CONFIG_DIRS', '/etc/xdg/xdg-ubuntu:/etc/xdg'), ('GAZEBO_PLUGIN_PATH', '/usr/share/gazebo/../../lib/x86_64-linux-gnu/gazebo-11/plugins:'), ('XDG_DATA_DIRS', '/usr/share/ubuntu:/home/asaf/.local/share/flatpak/exports/share:/var/lib/flatpak/exports/share:/usr/local/share/:/usr/share/:/var/lib/snapd/desktop'), ('PYTHONPATH', '/home/asaf/visual_odom_project/build/my_project_pkg:/home/asaf/visual_odom_project/install/my_project_pkg/lib/python3.10/site-packages:/home/asaf/ros2_ws/install/my_rover_controller/lib/python3.10/site-packages:/home/asaf/ros2_ws/install/my_project_pkg/lib/python3.10/site-packages:/home/asaf/ros2_ws/install/microstrain_inertial_rqt/lib/python3.10/site-packages:/home/asaf/ros2_ws/install/microstrain_inertial_msgs/local/lib/python3.10/dist-packages:/home/asaf/ros2_ws/install/color_extractor/lib/python3.10/site-packages:/opt/ros/humble/lib/python3.10/site-packages:/opt/ros/humble/local/lib/python3.10/dist-packages'), ('COLCON', '1'), ('VTE_VERSION', '6800'), ('CMAKE_PREFIX_PATH', '/home/asaf/visual_odom_project/install/project_bringup:/home/asaf/ros2_ws/install/my_robot_bringup:/home/asaf/ros2_ws/install/my_robot_description:/home/asaf/ros2_ws/install/microstrain_inertial_examples:/home/asaf/ros2_ws/install/microstrain_inertial_driver:/home/asaf/ros2_ws/install/microstrain_inertial_msgs:/home/asaf/ros2_ws/install/microstrain_inertial_description:/home/asaf/ros2_ws/install/g2_robot_description:/home/asaf/ros2_ws/install/g2_robot_bringup')]), 'shell': False}
[0.195073] (project_bringup) StdoutLine: {'line': b'-- Found ament_cmake: 1.3.9 (/opt/ros/humble/share/ament_cmake/cmake)\n'}
[0.199674] (-) TimerEvent: {}
[0.272605] (project_bringup) StdoutLine: {'line': b'-- Override CMake install command with custom implementation using symlinks instead of copying resources\n'}
[0.299856] (-) TimerEvent: {}
[0.309825] (project_bringup) StderrLine: {'line': b"Error parsing '/home/asaf/visual_odom_project/src/project_bringup/package.xml':\n"}
[0.339149] (project_bringup) StderrLine: {'line': b'Traceback (most recent call last):\n'}
[0.339432] (project_bringup) StderrLine: {'line': b'  File "/usr/lib/python3/dist-packages/catkin_pkg/package.py", line 610, in parse_package_string\n'}
[0.339516] (project_bringup) StderrLine: {'line': b'    root = dom.parseString(data)\n'}
[0.339556] (project_bringup) StderrLine: {'line': b'  File "/usr/lib/python3.10/xml/dom/minidom.py", line 2000, in parseString\n'}
[0.339595] (project_bringup) StderrLine: {'line': b'    return expatbuilder.parseString(string)\n'}
[0.339635] (project_bringup) StderrLine: {'line': b'  File "/usr/lib/python3.10/xml/dom/expatbuilder.py", line 925, in parseString\n'}
[0.339774] (project_bringup) StderrLine: {'line': b'    return builder.parseString(string)\n'}
[0.339848] (project_bringup) StderrLine: {'line': b'  File "/usr/lib/python3.10/xml/dom/expatbuilder.py", line 223, in parseString\n'}
[0.339891] (project_bringup) StderrLine: {'line': b'    parser.Parse(string, True)\n'}
[0.339930] (project_bringup) StderrLine: {'line': b'xml.parsers.expat.ExpatError: mismatched tag: line 21, column 2\n'}
[0.339968] (project_bringup) StderrLine: {'line': b'\n'}
[0.340005] (project_bringup) StderrLine: {'line': b'During handling of the above exception, another exception occurred:\n'}
[0.340042] (project_bringup) StderrLine: {'line': b'\n'}
[0.340078] (project_bringup) StderrLine: {'line': b'Traceback (most recent call last):\n'}
[0.340114] (project_bringup) StderrLine: {'line': b'  File "/opt/ros/humble/share/ament_cmake_core/cmake/core/package_xml_2_cmake.py", line 150, in <module>\n'}
[0.340151] (project_bringup) StderrLine: {'line': b'    main()\n'}
[0.340188] (project_bringup) StderrLine: {'line': b'  File "/opt/ros/humble/share/ament_cmake_core/cmake/core/package_xml_2_cmake.py", line 53, in main\n'}
[0.340224] (project_bringup) StderrLine: {'line': b'    raise e\n'}
[0.340260] (project_bringup) StderrLine: {'line': b'  File "/opt/ros/humble/share/ament_cmake_core/cmake/core/package_xml_2_cmake.py", line 49, in main\n'}
[0.340298] (project_bringup) StderrLine: {'line': b'    package = parse_package_string(\n'}
[0.340333] (project_bringup) StderrLine: {'line': b'  File "/usr/lib/python3/dist-packages/catkin_pkg/package.py", line 612, in parse_package_string\n'}
[0.340370] (project_bringup) StderrLine: {'line': b"    raise InvalidPackage('The manifest contains invalid XML:\\n%s' % ex, filename)\n"}
[0.340407] (project_bringup) StderrLine: {'line': b"catkin_pkg.package.InvalidPackage: Error(s) in package '/home/asaf/visual_odom_project/src/project_bringup/package.xml':\n"}
[0.340444] (project_bringup) StderrLine: {'line': b'The manifest contains invalid XML:\n'}
[0.340479] (project_bringup) StderrLine: {'line': b'mismatched tag: line 21, column 2\n'}
[0.349954] (project_bringup) StderrLine: {'line': b'\x1b[31mCMake Error at /opt/ros/humble/share/ament_cmake_core/cmake/core/ament_package_xml.cmake:95 (message):\n'}
[0.350106] (project_bringup) StderrLine: {'line': b'  execute_process(/usr/bin/python3\n'}
[0.350148] (project_bringup) StderrLine: {'line': b'  /opt/ros/humble/share/ament_cmake_core/cmake/core/package_xml_2_cmake.py\n'}
[0.350187] (project_bringup) StderrLine: {'line': b'  /home/asaf/visual_odom_project/src/project_bringup/package.xml\n'}
[0.350223] (project_bringup) StderrLine: {'line': b'  /home/asaf/visual_odom_project/build/project_bringup/ament_cmake_core/package.cmake)\n'}
[0.350259] (project_bringup) StderrLine: {'line': b'  returned error code 1\n'}
[0.350303] (project_bringup) StderrLine: {'line': b'Call Stack (most recent call first):\n'}
[0.350343] (project_bringup) StderrLine: {'line': b'  /opt/ros/humble/share/ament_cmake_core/cmake/core/ament_package_xml.cmake:49 (_ament_package_xml)\n'}
[0.350380] (project_bringup) StderrLine: {'line': b'  /opt/ros/humble/share/ament_cmake_core/cmake/core/ament_package.cmake:63 (ament_package_xml)\n'}
[0.350416] (project_bringup) StderrLine: {'line': b'  CMakeLists.txt:15 (ament_package)\n'}
[0.350451] (project_bringup) StderrLine: {'line': b'\n'}
[0.350485] (project_bringup) StderrLine: {'line': b'\x1b[0m\n'}
[0.350521] (project_bringup) StdoutLine: {'line': b'-- Configuring incomplete, errors occurred!\n'}
[0.350562] (project_bringup) StdoutLine: {'line': b'See also "/home/asaf/visual_odom_project/build/project_bringup/CMakeFiles/CMakeOutput.log".\n'}
[0.352148] (project_bringup) CommandEnded: {'returncode': 1}
[0.352627] (project_bringup) JobEnded: {'identifier': 'project_bringup', 'rc': 1}
[0.399979] (-) TimerEvent: {}
[0.437948] (my_project_pkg) JobEnded: {'identifier': 'my_project_pkg', 'rc': 'SIGINT'}
[0.448446] (-) EventReactorShutdown: {}
