[0.200s] Invoking command in '/home/asaf/visual_odom_project/build/project_bringup': /usr/bin/cmake /home/asaf/visual_odom_project/src/project_bringup -DCMAKE_INSTALL_PREFIX=/home/asaf/visual_odom_project/install/project_bringup
[0.224s] -- Found ament_cmake: 1.3.9 (/opt/ros/humble/share/ament_cmake/cmake)
[0.309s] -- Override CMake install command with custom implementation using symlinks instead of copying resources
[0.354s] Error parsing '/home/asaf/visual_odom_project/src/project_bringup/package.xml':
[0.384s] Traceback (most recent call last):
[0.384s]   File "/usr/lib/python3/dist-packages/catkin_pkg/package.py", line 610, in parse_package_string
[0.384s]     root = dom.parseString(data)
[0.384s]   File "/usr/lib/python3.10/xml/dom/minidom.py", line 2000, in parseString
[0.385s]     return expatbuilder.parseString(string)
[0.385s]   File "/usr/lib/python3.10/xml/dom/expatbuilder.py", line 925, in parseString
[0.385s]     return builder.parseString(string)
[0.385s]   File "/usr/lib/python3.10/xml/dom/expatbuilder.py", line 223, in parseString
[0.385s]     parser.Parse(string, True)
[0.385s] xml.parsers.expat.ExpatError: mismatched tag: line 21, column 2
[0.385s] 
[0.385s] During handling of the above exception, another exception occurred:
[0.385s] 
[0.385s] Traceback (most recent call last):
[0.385s]   File "/opt/ros/humble/share/ament_cmake_core/cmake/core/package_xml_2_cmake.py", line 150, in <module>
[0.385s]     main()
[0.385s]   File "/opt/ros/humble/share/ament_cmake_core/cmake/core/package_xml_2_cmake.py", line 53, in main
[0.386s]     raise e
[0.386s]   File "/opt/ros/humble/share/ament_cmake_core/cmake/core/package_xml_2_cmake.py", line 49, in main
[0.386s]     package = parse_package_string(
[0.386s]   File "/usr/lib/python3/dist-packages/catkin_pkg/package.py", line 612, in parse_package_string
[0.386s]     raise InvalidPackage('The manifest contains invalid XML:\n%s' % ex, filename)
[0.386s] catkin_pkg.package.InvalidPackage: Error(s) in package '/home/asaf/visual_odom_project/src/project_bringup/package.xml':
[0.386s] The manifest contains invalid XML:
[0.386s] mismatched tag: line 21, column 2
[0.403s] [31mCMake Error at /opt/ros/humble/share/ament_cmake_core/cmake/core/ament_package_xml.cmake:95 (message):
[0.403s]   execute_process(/usr/bin/python3
[0.403s]   /opt/ros/humble/share/ament_cmake_core/cmake/core/package_xml_2_cmake.py
[0.403s]   /home/asaf/visual_odom_project/src/project_bringup/package.xml
[0.403s]   /home/asaf/visual_odom_project/build/project_bringup/ament_cmake_core/package.cmake)
[0.403s]   returned error code 1
[0.403s] Call Stack (most recent call first):
[0.403s]   /opt/ros/humble/share/ament_cmake_core/cmake/core/ament_package_xml.cmake:49 (_ament_package_xml)
[0.403s]   /opt/ros/humble/share/ament_cmake_core/cmake/core/ament_package.cmake:63 (ament_package_xml)
[0.403s]   CMakeLists.txt:15 (ament_package)
[0.403s] 
[0.403s] [0m
[0.404s] -- Configuring incomplete, errors occurred!
[0.404s] See also "/home/asaf/visual_odom_project/build/project_bringup/CMakeFiles/CMakeOutput.log".
[0.406s] Invoked command in '/home/asaf/visual_odom_project/build/project_bringup' returned '1': /usr/bin/cmake /home/asaf/visual_odom_project/src/project_bringup -DCMAKE_INSTALL_PREFIX=/home/asaf/visual_odom_project/install/project_bringup
